// Jest Snapshot v1, https://goo.gl/fbAQLP

exports[`Login Screen renders correctly 1`] = `
<RCTSafeAreaView
  emulateUnlessSupported={true}
  style={
    Object {
      "flex": 1,
      "justifyContent": "center",
    }
  }
>
  <TextInput
    allowFontScaling={true}
    autoCorrect={false}
    keyboardType="email-address"
    onChangeText={[Function]}
    placeholder="Email"
    rejectResponderTermination={true}
    style={
      Object {
        "borderColor": "blue",
        "borderWidth": 1,
        "height": 40,
        "marginHorizontal": 16,
        "padding": 4,
      }
    }
    testID="loginEmailInput"
    underlineColorAndroid="transparent"
  />
  <TextInput
    allowFontScaling={true}
    onChangeText={[Function]}
    placeholder="Password"
    rejectResponderTermination={true}
    secureTextEntry={true}
    style={
      Object {
        "borderColor": "blue",
        "borderWidth": 1,
        "height": 40,
        "marginHorizontal": 16,
        "marginTop": 16,
        "padding": 4,
      }
    }
    testID="loginPasswordInput"
    underlineColorAndroid="transparent"
  />
  <View
    accessibilityRole="button"
    accessibilityState={Object {}}
    accessible={true}
    focusable={true}
    onClick={[Function]}
    onResponderGrant={[Function]}
    onResponderMove={[Function]}
    onResponderRelease={[Function]}
    onResponderTerminate={[Function]}
    onResponderTerminationRequest={[Function]}
    onStartShouldSetResponder={[Function]}
    style={
      Object {
        "opacity": 1,
      }
    }
    testID="loginSubmitButton"
  >
    <View
      style={
        Array [
          Object {},
        ]
      }
    >
      <Text
        style={
          Array [
            Object {
              "color": "#007AFF",
              "fontSize": 18,
              "margin": 8,
              "textAlign": "center",
            },
          ]
        }
      >
        submit
      </Text>
    </View>
  </View>
</RCTSafeAreaView>
`;
